// Jest Snapshot v1, https://goo.gl/fbAQLP

exports[`renders correctly 1`] = `
Array [
  <h3
    className="MuiTypography-root-1 MuiTypography-headline-6"
>
    <svg
        aria-hidden="true"
        className="MuiSvgIcon-root-25"
        color={undefined}
        focusable="false"
        viewBox="0 0 24 24"
    >
        <g>
            <path
                d="M12 2C6.48 2 2 6.48 2 12s4.48 10 10 10 10-4.48 10-10S17.52 2 12 2zm1 15h-2v-6h2v6zm0-8h-2V7h2v2z"
            />
        </g>
    </svg>
     Error
</h3>,
  <p
    className="MuiTypography-root-1 MuiTypography-body1-10"
    componentnt="p"
>
    No match for 
    <em>
        /path/to/somewhere
    </em>
</p>,
]
`;
